layout__box -- when editing the organizations account should be fully displayed  the height